[20Apr2024 13:58:07] - Crash

Process:        Delta [29382]
Path:           /private/var/containers/Bundle/Application/706A33C5-CEE3-46A9-BF05-6D0EF3702BAA/Delta.app/Delta
Parent:         launchd [1]
Hardware Model: iPhone16,2
OS Version:     iPhone OS 17.5
BuildID:        21F5058e
LockdownMode:            1
Was Unlocked Since Boot: 1
Is Locked:               0
Shared Cache:        b396c95a-6cf2-30e2-bae3-c8adc3468ce2 base: 0x197840000 size: 3703947264

Exception Type:      EXC_CRASH (SIGABRT) 
Thread 3585882: queue: com.apple.main-thread
  00: libsystem_kernel.dylib 0x1e880b808 mach_msg2_trap + 8
  01: libsystem_kernel.dylib 0x1e880f008 mach_msg2_internal + 80
  02: libsystem_kernel.dylib 0x1e880ef20 mach_msg_overwrite + 436
  03: libsystem_kernel.dylib 0x1e880ed60 mach_msg + 24
  04: CoreFoundation         0x19fa7ff9c __CFRunLoopServiceMachPort + 160
  05: CoreFoundation         0x19fa7f640 __CFRunLoopRun + 1208
  06: CoreFoundation         0x19fa7ed18 CFRunLoopRunSpecific + 608
  07: GraphicsServices       0x1e45f21a8 GSEventRunModal + 164
  08: UIKitCore              0x1a20bb058 -[UIApplication _run] + 888
  09: UIKitCore              0x1a216f04c UIApplicationMain + 340
  10: Delta                  0x1005adc4c 
  11: dyld                   0x1c34c3e4c start + 2240

Thread 4184682: name: com.apple.uikit.eventfetch-thread
  00: libsystem_kernel.dylib  0x1e880b808 mach_msg2_trap + 8
  01: libsystem_kernel.dylib  0x1e880f008 mach_msg2_internal + 80
  02: libsystem_kernel.dylib  0x1e880ef20 mach_msg_overwrite + 436
  03: libsystem_kernel.dylib  0x1e880ed60 mach_msg + 24
  04: CoreFoundation          0x19fa7ff9c __CFRunLoopServiceMachPort + 160
  05: CoreFoundation          0x19fa7f640 __CFRunLoopRun + 1208
  06: CoreFoundation          0x19fa7ed18 CFRunLoopRunSpecific + 608
  07: Foundation              0x19e9a0e4c -[NSRunLoop(NSRunLoop) runMode:beforeDate:] + 212
  08: Foundation              0x19e9a0c9c -[NSRunLoop(NSRunLoop) runUntilDate:] + 64
  09: UIKitCore               0x1a20ced8c -[UIEventFetcher threadMain] + 420
  10: Foundation              0x19e9b7718 __NSThread__start__ + 732
  11: libsystem_pthread.dylib 0x1fc5c106c _pthread_start + 136
  12: libsystem_pthread.dylib 0x1fc5bc0d8 thread_start + 8

Thread 4184688: name: com.apple.CoreMotion.MotionThread
  00: libsystem_kernel.dylib  0x1e880b808 mach_msg2_trap + 8
  01: libsystem_kernel.dylib  0x1e880f008 mach_msg2_internal + 80
  02: libsystem_kernel.dylib  0x1e880ef20 mach_msg_overwrite + 436
  03: libsystem_kernel.dylib  0x1e880ed60 mach_msg + 24
  04: CoreFoundation          0x19fa7ff9c __CFRunLoopServiceMachPort + 160
  05: CoreFoundation          0x19fa7f640 __CFRunLoopRun + 1208
  06: CoreFoundation          0x19fa7ed18 CFRunLoopRunSpecific + 608
  07: CoreFoundation          0x19faecf04 CFRunLoopRun + 64
  08: CoreMotion              0x1ac77c390 
  09: libsystem_pthread.dylib 0x1fc5c106c _pthread_start + 136
  10: libsystem_pthread.dylib 0x1fc5bc0d8 thread_start + 8

Thread 4184699: name: com.apple.audio.toolbox.AUScheduledParameterRefresher
  00: libsystem_kernel.dylib  0x1e880b784 semaphore_wait_trap + 8
  01: caulk                   0x211572724 caulk::semaphore::timed_wait(double) + 212
  02: caulk                   0x2115725e4 caulk::concurrent::details::worker_thread::run() + 36
  03: caulk                   0x21157252c void* caulk::thread_proxy<std::__1::tuple<caulk::thread::attributes, void (caulk::concurrent::details::worker_thread::*)(), std::__1::tuple<caulk::concurrent::details::worker_thread*>>>(void*) + 96
  04: libsystem_pthread.dylib 0x1fc5c106c _pthread_start + 136
  05: libsystem_pthread.dylib 0x1fc5bc0d8 thread_start + 8

Thread 4184700: name: caulk.messenger.shared:high
  00: libsystem_kernel.dylib  0x1e880b784 semaphore_wait_trap + 8
  01: caulk                   0x211572724 caulk::semaphore::timed_wait(double) + 212
  02: caulk                   0x2115725e4 caulk::concurrent::details::worker_thread::run() + 36
  03: caulk                   0x21157252c void* caulk::thread_proxy<std::__1::tuple<caulk::thread::attributes, void (caulk::concurrent::details::worker_thread::*)(), std::__1::tuple<caulk::concurrent::details::worker_thread*>>>(void*) + 96
  04: libsystem_pthread.dylib 0x1fc5c106c _pthread_start + 136
  05: libsystem_pthread.dylib 0x1fc5bc0d8 thread_start + 8

Thread 4185058: name: caulk::deferred_logger
  00: libsystem_kernel.dylib  0x1e880b784 semaphore_wait_trap + 8
  01: caulk                   0x211572724 caulk::semaphore::timed_wait(double) + 212
  02: caulk                   0x2115725e4 caulk::concurrent::details::worker_thread::run() + 36
  03: caulk                   0x21157252c void* caulk::thread_proxy<std::__1::tuple<caulk::thread::attributes, void (caulk::concurrent::details::worker_thread::*)(), std::__1::tuple<caulk::concurrent::details::worker_thread*>>>(void*) + 96
  04: libsystem_pthread.dylib 0x1fc5c106c _pthread_start + 136
  05: libsystem_pthread.dylib 0x1fc5bc0d8 thread_start + 8

Thread 4185067: name: Delta - Rendering
  00: libsystem_kernel.dylib  0x1e880b784 semaphore_wait_trap + 8
  01: libdispatch.dylib       0x1a7943370 _dispatch_sema4_wait + 28
  02: libdispatch.dylib       0x1a7943a20 _dispatch_semaphore_wait_slow + 132
  03: Systems                 0x112cf7b44 RenderThread.main() + 152
  04: Systems                 0x112cf7b88 @objc RenderThread.main() + 24
  05: Foundation              0x19e9b7718 __NSThread__start__ + 732
  06: libsystem_pthread.dylib 0x1fc5c106c _pthread_start + 136
  07: libsystem_pthread.dylib 0x1fc5bc0d8 thread_start + 8

Thread 4185882: name: m64pwq
  00: libsystem_kernel.dylib  0x1e88111cc __psynch_cvwait + 8
  01: libsystem_pthread.dylib 0x1fc5be6e4 _pthread_cond_wait + 1228
  02: Delta                   0x10118ac80 
  03: libsystem_pthread.dylib 0x1fc5bc0d8 thread_start + 8

Thread 4187237: name: AURemoteIO::IOThread
  00: libsystem_kernel.dylib     0x1e880b808 mach_msg2_trap + 8
  01: libsystem_kernel.dylib     0x1e880f008 mach_msg2_internal + 80
  02: libsystem_kernel.dylib     0x1e880ef20 mach_msg_overwrite + 436
  03: libsystem_kernel.dylib     0x1e880ed60 mach_msg + 24
  04: libEmbeddedSystemAUs.dylib 0x21ad730a8 void* caulk::thread_proxy<std::__1::tuple<caulk::thread::attributes, AURemoteIO::IOThread::IOThread(AURemoteIO&, caulk::thread::attributes const&, caulk::mach::os_workgroup_managed const&)::'lambda'(), std::__1::tuple<>>>(void*) + 556
  05: libsystem_pthread.dylib    0x1fc5c106c _pthread_start + 136
  06: libsystem_pthread.dylib    0x1fc5bc0d8 thread_start + 8

Thread 4188909: queue: com.rileytestut.DeltaCore.emulationQueue
  00: libsystem_kernel.dylib  0x1e880b784 semaphore_wait_trap + 8
  01: libdispatch.dylib       0x1a7943370 _dispatch_sema4_wait + 28
  02: libdispatch.dylib       0x1a7943a20 _dispatch_semaphore_wait_slow + 132
  03: Delta                   0x10088e0d8 
  04: Systems                 0x112cf545c closure #1 in EmulatorCore.runGameLoop() + 1204
  05: Systems                 0x112cf0db8 thunk for @escaping @callee_guaranteed @Sendable () -> () + 28
  06: libdispatch.dylib       0x1a794113c _dispatch_call_block_and_release + 32
  07: libdispatch.dylib       0x1a7942dd4 _dispatch_client_callout + 20
  08: libdispatch.dylib       0x1a794a400 _dispatch_lane_serial_drain + 748
  09: libdispatch.dylib       0x1a794af30 _dispatch_lane_invoke + 380
  10: libdispatch.dylib       0x1a7955cb4 _dispatch_root_queue_drain_deferred_wlh + 288
  11: libdispatch.dylib       0x1a7955528 _dispatch_workloop_worker_thread + 404
  12: libsystem_pthread.dylib 0x1fc5bf934 _pthread_wqthread + 288
  13: libsystem_pthread.dylib 0x1fc5bc0cc start_wqthread + 8

Thread 4189904:
  00: libsystem_pthread.dylib 0x1fc5bc0c4 start_wqthread

Thread 4189995:
  00: libsystem_pthread.dylib 0x1fc5bc0c4 start_wqthread

Thread 4190383:
  00: libsystem_pthread.dylib 0x1fc5bc0c4 start_wqthread

Thread 4190385:
  00: libsystem_pthread.dylib 0x1fc5bc0c4 start_wqthread

Thread 4190399: name: Delta - Rendering
  00: libsystem_kernel.dylib  0x1e880b784 semaphore_wait_trap + 8
  01: libdispatch.dylib       0x1a7943370 _dispatch_sema4_wait + 28
  02: libdispatch.dylib       0x1a7943a20 _dispatch_semaphore_wait_slow + 132
  03: Systems                 0x112cf7b44 RenderThread.main() + 152
  04: Systems                 0x112cf7b88 @objc RenderThread.main() + 24
  05: Foundation              0x19e9b7718 __NSThread__start__ + 732
  06: libsystem_pthread.dylib 0x1fc5c106c _pthread_start + 136
  07: libsystem_pthread.dylib 0x1fc5bc0d8 thread_start + 8

Thread 4190401: name: Delta - Rendering
  00: libsystem_kernel.dylib  0x1e880b784 semaphore_wait_trap + 8
  01: libdispatch.dylib       0x1a7943370 _dispatch_sema4_wait + 28
  02: libdispatch.dylib       0x1a7943a20 _dispatch_semaphore_wait_slow + 132
  03: Systems                 0x112cf7b44 RenderThread.main() + 152
  04: Systems                 0x112cf7b88 @objc RenderThread.main() + 24
  05: Foundation              0x19e9b7718 __NSThread__start__ + 732
  06: libsystem_pthread.dylib 0x1fc5c106c _pthread_start + 136
  07: libsystem_pthread.dylib 0x1fc5bc0d8 thread_start + 8

Thread 4190429:
  00: libsystem_pthread.dylib 0x1fc5bc0c4 start_wqthread

Thread 4190442: (Crashed)
  00: libsystem_kernel.dylib  0x1e881642c __pthread_kill + 8
  01: libsystem_pthread.dylib 0x1fc5c2c0c pthread_kill + 268
  02: libsystem_c.dylib       0x1a79fbba0 abort + 180
  03: libsystem_c.dylib       0x1a79faeac __assert_rtn + 284
  04: Delta                   0x100853aa0 
  05: Delta                   0x1008341a4 
  06: Delta                   0x100833800 
  07: Delta                   0x10083422c 
  08: Delta                   0x100878f50 
  09: Delta                   0x100879e54 
  10: Delta                   0x100850030 
  11: Delta                   0x1008d22dc 
  12: Delta                   0x100883f04 
  13: Delta                   0x1008b3bd8 DoRspCycles + 28
  14: Delta                   0x101192988 
  15: Foundation              0x19e9b7718 __NSThread__start__ + 732
  16: libsystem_pthread.dylib 0x1fc5c106c _pthread_start + 136
  17: libsystem_pthread.dylib 0x1fc5bc0d8 thread_start + 8
Thread 4190442 ARM_THREAD_STATE64
   x0: 0x0000000000000000
   x1: 0x0000000000000000
   x2: 0x0000000000000000
   x3: 0x0000000000000000
   x4: 0x0000000000000000
   x5: 0x000000000000002e
   x6: 0x0000000000000014
   x7: 0x0000000000009700
   x8: 0xdfa3741fc1aef98f
   x9: 0xdfa3741eae3b098f
  x10: 0x000000000000000a
  x11: 0x0000000000000000
  x12: 0x0000000000000032
  x13: 0x0000000116195860
  x14: 0x0100000200460e59 0x0100000000000001 OBJC_CLASS_$___NSCFString
  x15: 0x0000000200460e58 OBJC_CLASS_$___NSCFString
  x16: 0x0000000000000148
  x17: 0x000000016f95f000
  x18: 0x0000000000000000
  x19: 0x0000000000000006
  x20: 0x000000000001be4f
  x21: 0x000000016f95f0e0
  x22: 0x000000011284c000
  x23: 0x00000001011e436f
  x24: 0x00000001ff415000
  x25: 0x000000000000003a
  x26: 0x000000000000003b
  x27: 0x000000010aae3e08
  x28: 0x000000000000000a
   fp: 0x000000016f95dc90
   lr: 0x00000001fc5c2c0c
   sp: 0x000000016f95dc70
   pc: 0x00000001e881642c matches_crash_frame=1
  far: 0x0000000000000000
 cpsr: 0x0000000040001000
  esr: 0x0000000056000080  Address size fault
Instructions
    0x1e8816404:  7f 23 03 d5   pacibsp 
    0x1e8816408:  fd 7b bf a9   stp     fp, lr, [sp, #-0x10]!
    0x1e881640c:  fd 03 00 91   mov     fp, sp
    0x1e8816410:  35 ec ff 97   bl      0x1e88114e4
    0x1e8816414:  bf 03 00 91   mov     sp, fp
    0x1e8816418:  fd 7b c1 a8   ldp     fp, lr, [sp], #0x10
    0x1e881641c:  ff 0f 5f d6   retab   
    0x1e8816420:  c0 03 5f d6   ret     
    0x1e8816424:  10 29 80 d2   mov     x16, #0x148
    0x1e8816428:  01 10 00 d4   svc     #0x80
PC=>0x1e881642c:  03 01 00 54   b.lo    0x1e881644c
    0x1e8816430:  7f 23 03 d5   pacibsp 
    0x1e8816434:  fd 7b bf a9   stp     fp, lr, [sp, #-0x10]!
    0x1e8816438:  fd 03 00 91   mov     fp, sp
    0x1e881643c:  2a ec ff 97   bl      0x1e88114e4
    0x1e8816440:  bf 03 00 91   mov     sp, fp
    0x1e8816444:  fd 7b c1 a8   ldp     fp, lr, [sp], #0x10
    0x1e8816448:  ff 0f 5f d6   retab   
    0x1e881644c:  c0 03 5f d6   ret     
    0x1e8816450:  10 27 80 d2   mov     x16, #0x138


Thread 4190443: name: AURemoteIO::IOThread
  00: libsystem_kernel.dylib     0x1e880b808 mach_msg2_trap + 8
  01: libsystem_kernel.dylib     0x1e880f008 mach_msg2_internal + 80
  02: libsystem_kernel.dylib     0x1e880ef20 mach_msg_overwrite + 436
  03: libsystem_kernel.dylib     0x1e880ed60 mach_msg + 24
  04: libEmbeddedSystemAUs.dylib 0x21ad730a8 void* caulk::thread_proxy<std::__1::tuple<caulk::thread::attributes, AURemoteIO::IOThread::IOThread(AURemoteIO&, caulk::thread::attributes const&, caulk::mach::os_workgroup_managed const&)::'lambda'(), std::__1::tuple<>>>(void*) + 556
  05: libsystem_pthread.dylib    0x1fc5c106c _pthread_start + 136
  06: libsystem_pthread.dylib    0x1fc5bc0d8 thread_start + 8

VM Summary:
ReadOnly portion of Libraries: Total=1.4G resident=0K(0%) swapped_out_or_unallocated=1.4G(100%)
Writable regions: Total=1.7G written=0K(0%) resident=0K(0%) swapped_out=0K(0%) unallocated=1.7G(100%)

                                VIRTUAL   REGION 
REGION TYPE                        SIZE    COUNT (non-coalesced) 
===========                     =======  ======= 
Accelerate framework               128K        1 
Activity Tracing                   256K        1 
Audio                               64K        1 
CG raster data                    55.3M       63 
ColorSync                          112K        7 
CoreAnimation                     4112K      126 
CoreData Object IDs               4112K        2 
CoreImage                          240K        1 
CoreUI image data                  352K        2 
Foundation                          16K        1 
Image IO                            32K        2 
Kernel Alloc Once                   32K        1 
MALLOC                             1.4G     1651 
MALLOC guard page                  128K        8 
OpenGL GLSL                        128K        2 
SMOOTH                               24        2 
SQLite page cache                  256K        2 
STACK GUARD                        304K       19 
Stack                             10.5M       19 
VM_ALLOCATE                        880K       45 
__AUTH                            3337K      390 
__AUTH_CONST                      39.6M      872 
__CTF                               824        1 
__DATA                           316.7M      871 
__DATA_CONST                      48.0M      881 
__DATA_DIRTY                      10.5M      823 
__FONT_DATA                          4K        1 
__GLSLBUILTINS                    1904K        1 
__INFO_FILTER                         8        1 
__LINKEDIT                       389.8M        4 
__OBJC_RO                         86.7M        1 
__OBJC_RW                         2753K        1 
__TEXT                             1.0G      897 
dyld private memory                272K        1 
mapped file                      287.1M       31 
shared memory                      608K       12 
===========                     =======  ======= 
TOTAL                              3.7G     6744 
